
fatal: Prueba de log level fatal!
error: Prueba de log level error!
warning: Prueba de log level warning!
http: Prueba de log level http!
info: Prueba de log level info!
debug: Prueba de log level debug!

info: Servidor activo en puerto 8080 PID 21876 enlazada a bbdd Remote/ 11/8/2024 - 07:31:14
info: Servidor activo en puerto 8080 PID 15384 enlazada a bbdd Remote/ 11/8/2024 - 07:32:43
info: Servidor activo en puerto 8080 PID 5492 enlazada a bbdd Remote/ 11/8/2024 - 07:34:55
info: Servidor activo en puerto 8080 PID 11116 enlazada a bbdd Remote/ 11/8/2024 - 07:36:18
info: Servidor activo en puerto 8080 PID 23336 enlazada a bbdd Remote/ 11/8/2024 - 07:37:28
info: Servidor activo en puerto 8080 PID 4684 enlazada a bbdd Remote/ 11/8/2024 - 07:39:19
info: Servidor activo en puerto 8080 PID 3164 enlazada a bbdd Remote/ 11/8/2024 - 07:39:33
info: Servidor activo en puerto 8080 PID 21088 enlazada a bbdd Remote/ 11/8/2024 - 07:41:40
info: Servidor activo en puerto 8080 PID 12648 enlazada a bbdd Remote/ 11/8/2024 - 07:44:38
info: Servidor activo en puerto 8080 PID 12368 enlazada a bbdd Remote/ 11/8/2024 - 07:48:33
info: Servidor activo en puerto 8080 PID 17496 enlazada a bbdd Remote/ 11/8/2024 - 07:50:33
info: Servidor activo en puerto 8080 PID 2476 enlazada a bbdd Remote/ 11/8/2024 - 08:07:30
info: Servidor activo en puerto 8080 PID 5468 enlazada a bbdd Remote/ 11/8/2024 - 08:10:42
info: Servidor activo en puerto 8080 PID 19672 enlazada a bbdd Remote/ 11/8/2024 - 08:12:06
info: Servidor activo en puerto 8080 PID 8676 enlazada a bbdd Remote/ 11/8/2024 - 08:17:36
info: Servidor activo en puerto 8080 PID 17068 enlazada a bbdd Remote/ 11/8/2024 - 08:20:58
info: Servidor activo en puerto 8080 PID 18552 enlazada a bbdd Remote/ 11/8/2024 - 08:26:15
info: Servidor activo en puerto 8080 PID 3008 enlazada a bbdd Remote/ 11/8/2024 - 08:27:59
info: Servidor activo en puerto 8080 PID 21472 enlazada a bbdd Remote/ 11/8/2024 - 08:30:02
info: Servidor activo en puerto 8080 PID 1940 enlazada a bbdd Remote/ 11/8/2024 - 08:31:43
info: Servidor activo en puerto 8080 PID 18088 enlazada a bbdd Remote/ 11/8/2024 - 10:15:47
info: Servidor activo en puerto 8080 PID 8432 enlazada a bbdd Remote/ 11/8/2024 - 10:17:01
info: Servidor activo en puerto 8080 PID 16520 enlazada a bbdd Remote/ 11/8/2024 - 10:18:03
info: Servidor activo en puerto 8080 PID 4736 enlazada a bbdd Remote/ 11/8/2024 - 10:18:38
info: Servidor activo en puerto 8080 PID 4376 enlazada a bbdd Remote/ 12/8/2024 - 08:47:33
info: Servidor activo en puerto 8080 PID 7176 enlazada a bbdd Remote/ 12/8/2024 - 08:54:45
info: Servidor activo en puerto 8080 PID 2360 enlazada a bbdd Remote/ 12/8/2024 - 08:59:41
info: Servidor activo en puerto 8080 PID 5464 enlazada a bbdd Remote/ 12/8/2024 - 09:24:59
info: Servidor activo en puerto 8080 PID 9376 enlazada a bbdd Remote/ 12/8/2024 - 09:29:20
info: Servidor activo en puerto 8080 PID 19908 enlazada a bbdd Remote/ 12/8/2024 - 09:32:17
info: Servidor activo en puerto 8080 PID 19428 enlazada a bbdd Remote/ 12/8/2024 - 09:34:03
info: Servidor activo en puerto 8080 PID 23028 enlazada a bbdd Remote/ 12/8/2024 - 09:34:35
info: Servidor activo en puerto 8080 PID 21920 enlazada a bbdd Remote/ 12/8/2024 - 09:39:02
info: Servidor activo en puerto 8080 PID 21580 enlazada a bbdd Remote/ 12/8/2024 - 10:27:51
info: Servidor activo en puerto 8080 PID 14216 enlazada a bbdd Remote/ 12/8/2024 - 10:37:32
info: Servidor activo en puerto 8080 PID 3508 enlazada a bbdd Remote/ 12/8/2024 - 11:01:07
info: Servidor activo en puerto 8080 PID 4408 enlazada a bbdd Remote/ 12/8/2024 - 11:17:06
info: Servidor activo en puerto 8080 PID 9652 enlazada a bbdd Remote/ 12/8/2024 - 11:24:45
info: Servidor activo en puerto 8080 PID 23300 enlazada a bbdd Remote/ 12/8/2024 - 11:27:36
info: Servidor activo en puerto 8080 PID 3904 enlazada a bbdd Remote/ 12/8/2024 - 11:32:35
info: Servidor activo en puerto 8080 PID 2736 enlazada a bbdd Remote/ 12/8/2024 - 11:34:08
info: Servidor activo en puerto 8080 PID 1916 enlazada a bbdd Remote/ 12/8/2024 - 11:35:37
info: Servidor activo en puerto 8080 PID 13404 enlazada a bbdd Remote/ 12/8/2024 - 11:36:12
info: Servidor activo en puerto 8080 PID 13636 enlazada a bbdd Remote/ 12/8/2024 - 11:36:48
info: Servidor activo en puerto 8080 PID 5840 enlazada a bbdd Remote/ 12/8/2024 - 11:40:03
info: Servidor activo en puerto 8080 PID 22664 enlazada a bbdd Remote/ 12/8/2024 - 11:43:05
info: Servidor activo en puerto 8080 PID 15436 enlazada a bbdd Remote/ 12/8/2024 - 11:47:33
info: Servidor activo en puerto 8080 PID 3904 enlazada a bbdd Remote/ 12/8/2024 - 11:47:50
info: Servidor activo en puerto 8080 PID 13592 enlazada a bbdd Remote/ 12/8/2024 - 11:49:55
info: Servidor activo en puerto 8080 PID 19492 enlazada a bbdd Remote/ 12/8/2024 - 11:59:00
info: Servidor activo en puerto 8080 PID 1136 enlazada a bbdd Remote/ 12/8/2024 - 01:09:31
info: Servidor activo en puerto 8080 PID 20672 enlazada a bbdd Remote/ 12/8/2024 - 01:10:36
info: Servidor activo en puerto 8080 PID 19580 enlazada a bbdd Remote/ 12/8/2024 - 01:14:10
info: Servidor activo en puerto 8080 PID 20824 enlazada a bbdd Remote/ 12/8/2024 - 01:14:42
info: Servidor activo en puerto 8080 PID 14692 enlazada a bbdd Remote/ 12/8/2024 - 01:28:42
info: Servidor activo en puerto 8080 PID 18428 enlazada a bbdd Remote/ 12/8/2024 - 01:28:46
info: Servidor activo en puerto 8080 PID 9092 enlazada a bbdd Remote/ 12/8/2024 - 02:10:24
info: Servidor activo en puerto 8080 PID 14412 enlazada a bbdd Remote/ 12/8/2024 - 02:18:19
info: Servidor activo en puerto 8080 PID 14584 enlazada a bbdd Remote/ 12/8/2024 - 02:22:20
info: Servidor activo en puerto 8080 PID 21612 enlazada a bbdd Remote/ 12/8/2024 - 02:24:17
info: Servidor activo en puerto 8080 PID 23444 enlazada a bbdd Remote/ 12/8/2024 - 02:27:51
info: Servidor activo en puerto 8080 PID 7504 enlazada a bbdd Remote/ 12/8/2024 - 02:31:58
info: Servidor activo en puerto 8080 PID 22632 enlazada a bbdd Remote/ 12/8/2024 - 02:32:46
info: Servidor activo en puerto 8080 PID 2360 enlazada a bbdd Remote/ 12/8/2024 - 02:37:02
info: Servidor activo en puerto 8080 PID 17772 enlazada a bbdd Remote/ 12/8/2024 - 02:38:31
info: Servidor activo en puerto 8080 PID 7348 enlazada a bbdd Remote/ 12/8/2024 - 02:39:39
info: Servidor activo en puerto 8080 PID 15644 enlazada a bbdd Remote/ 12/8/2024 - 02:41:01
info: Servidor activo en puerto 8080 PID 16156 enlazada a bbdd Remote/ 12/8/2024 - 03:14:56
info: Servidor activo en puerto 8080 PID 8760 enlazada a bbdd Remote/ 12/8/2024 - 03:20:51
info: Servidor activo en puerto 8080 PID 912 enlazada a bbdd Remote/ 12/8/2024 - 03:24:24
info: Servidor activo en puerto 8080 PID 18344 enlazada a bbdd Remote/ 12/8/2024 - 03:27:26
info: Servidor activo en puerto 8080 PID 7248 enlazada a bbdd Remote/ 12/8/2024 - 03:31:10
info: Servidor activo en puerto 8080 PID 10320 enlazada a bbdd Remote/ 12/8/2024 - 03:34:04
info: Servidor activo en puerto 8080 PID 14436 enlazada a bbdd Remote/ 12/8/2024 - 03:36:08
info: Servidor activo en puerto 8080 PID 912 enlazada a bbdd Remote/ 12/8/2024 - 03:37:58
info: Servidor activo en puerto 8080 PID 10344 enlazada a bbdd Remote/ 12/8/2024 - 03:39:37
info: Servidor activo en puerto 8080 PID 18748 enlazada a bbdd Remote/ 12/8/2024 - 03:42:45
info: Servidor activo en puerto 8080 PID 16284 enlazada a bbdd Remote/ 12/8/2024 - 03:47:43
info: Servidor activo en puerto 8080 PID 14736 enlazada a bbdd Remote/ 12/8/2024 - 03:53:12
info: Servidor activo en puerto 8080 PID 13696 enlazada a bbdd Remote/ 12/8/2024 - 03:53:20
info: Servidor activo en puerto 8080 PID 1960 enlazada a bbdd Remote/ 12/8/2024 - 03:56:18
info: Servidor activo en puerto 8080 PID 19544 enlazada a bbdd Remote/ 12/8/2024 - 03:58:33
info: Servidor activo en puerto 8080 PID 10300 enlazada a bbdd Remote/ 12/8/2024 - 05:37:55
info: Servidor activo en puerto 8080 PID 6376 enlazada a bbdd Remote/ 12/8/2024 - 05:39:22
info: Servidor activo en puerto 8080 PID 13620 enlazada a bbdd Remote/ 12/8/2024 - 05:42:51
info: Servidor activo en puerto 8080 PID 2740 enlazada a bbdd Remote/ 12/8/2024 - 05:43:41
info: Servidor activo en puerto 8080 PID 12144 enlazada a bbdd Remote/ 12/8/2024 - 06:55:07
info: Servidor activo en puerto 8080 PID 2144 enlazada a bbdd Remote/ 12/8/2024 - 06:56:55
info: Servidor activo en puerto 8080 PID 6356 enlazada a bbdd Remote/ 12/8/2024 - 07:00:11
info: Servidor activo en puerto 8080 PID 13144 enlazada a bbdd Remote/ 12/8/2024 - 07:05:19
info: Servidor activo en puerto 8080 PID 15876 enlazada a bbdd Remote/ 12/8/2024 - 07:05:55
info: Servidor activo en puerto 8080 PID 18816 enlazada a bbdd Remote/ 12/8/2024 - 07:37:20
http: POST in /api/auth - at 12/8/2024 - 07:37:22 user id: 6696bf6661c0f8ef4fb3c0c4 login
info: POST in /api/products - at 12/8/2024 - 07:37:52 product id: undefined aggregated by jll@gmail.com
info: Servidor activo en puerto 8080 PID 9196 enlazada a bbdd Remote/ 12/8/2024 - 07:51:32
http: POST in /api/auth - at 12/8/2024 - 07:54:38 user id: 6696bf6661c0f8ef4fb3c0c4 login
info: POST in /api/products - at 12/8/2024 - 07:55:43 product id: 66ba92ef70eb359f9fe4a16b aggregated by jll@gmail.com
info: Servidor activo en puerto 8080 PID 18104 enlazada a bbdd Remote/ 14/8/2024 - 09:00:56
info: Servidor activo en puerto 8080 PID 14060 enlazada a bbdd Remote/ 14/8/2024 - 09:08:47
info: Servidor activo en puerto 8080 PID 4880 enlazada a bbdd Remote/ 14/8/2024 - 09:53:52
info: Servidor activo en puerto 8080 PID 17300 enlazada a bbdd Remote/ 14/8/2024 - 10:01:27
info: Servidor activo en puerto 8080 PID 18112 enlazada a bbdd Remote/ 14/8/2024 - 10:02:08
info: Servidor activo en puerto 8080 PID 21280 enlazada a bbdd Remote/ 14/8/2024 - 10:03:03
info: Servidor activo en puerto 8080 PID 9608 enlazada a bbdd Remote/ 14/8/2024 - 10:07:53
info: Servidor activo en puerto 8080 PID 17556 enlazada a bbdd Remote/ 14/8/2024 - 10:09:28
info: Servidor activo en puerto 8080 PID 14832 enlazada a bbdd Remote/ 14/8/2024 - 10:10:38
info: Servidor activo en puerto 8080 PID 4076 enlazada a bbdd Remote/ 14/8/2024 - 10:12:34
info: Servidor activo en puerto 8080 PID 10768 enlazada a bbdd Remote/ 14/8/2024 - 10:15:25
info: Servidor activo en puerto 8080 PID 1588 enlazada a bbdd Remote/ 15/8/2024 - 02:26:04
info: Servidor activo en puerto 8080 PID 6116 enlazada a bbdd Remote/ 15/8/2024 - 02:29:07
info: Servidor activo en puerto 8080 PID 17900 enlazada a bbdd Remote/ 15/8/2024 - 02:29:33
info: Servidor activo en puerto 8080 PID 8976 enlazada a bbdd Remote/ 15/8/2024 - 02:31:13
info: Servidor activo en puerto 8080 PID 17364 enlazada a bbdd Remote/ 15/8/2024 - 02:32:21
info: Servidor activo en puerto 8080 PID 9288 enlazada a bbdd Remote/ 15/8/2024 - 03:03:04
info: Servidor activo en puerto 8080 PID 17892 enlazada a bbdd Remote/ 15/8/2024 - 03:03:08
info: Servidor activo en puerto 8080 PID 13200 enlazada a bbdd Remote/ 15/8/2024 - 03:03:31
info: Servidor activo en puerto 8080 PID 5912 enlazada a bbdd Remote/ 15/8/2024 - 03:03:57
info: Servidor activo en puerto 8080 PID 7336 enlazada a bbdd Remote/ 15/8/2024 - 03:04:35
info: Servidor activo en puerto 8080 PID 11848 enlazada a bbdd Remote/ 15/8/2024 - 03:05:38
info: Servidor activo en puerto 8080 PID 5936 enlazada a bbdd Remote/ 15/8/2024 - 03:05:59
info: Servidor activo en puerto 8080 PID 3536 enlazada a bbdd Remote/ 15/8/2024 - 03:07:24
info: Servidor activo en puerto 8080 PID 15912 enlazada a bbdd Remote/ 16/8/2024 - 10:50:08
info: Servidor activo en puerto 8080 PID 10400 enlazada a bbdd Remote/ 16/8/2024 - 03:54:30
info: Servidor activo en puerto 8080 PID 9540 enlazada a bbdd Remote/ 16/8/2024 - 03:58:17
info: Servidor activo en puerto 8080 PID 11692 enlazada a bbdd Remote/ 16/8/2024 - 04:07:01
info: Servidor activo en puerto 8080 PID 15856 enlazada a bbdd Remote/ 16/8/2024 - 04:24:41
info: Servidor activo en puerto 8080 PID 10964 enlazada a bbdd Remote/ 16/8/2024 - 04:30:29
info: Servidor activo en puerto 8080 PID 4968 enlazada a bbdd Remote/ 16/8/2024 - 06:25:40
info: Servidor activo en puerto 8080 PID 14276 enlazada a bbdd Remote/ 16/8/2024 - 07:40:52
info: Servidor activo en puerto 8080 PID 7176 enlazada a bbdd Remote/ 16/8/2024 - 07:52:06
info: Servidor activo en puerto 8080 PID 4440 enlazada a bbdd Remote/ 16/8/2024 - 07:54:32
info: Servidor activo en puerto 8080 PID 16248 enlazada a bbdd Remote/ 18/8/2024 - 06:46:00
info: Servidor activo en puerto 8080 PID 6260 enlazada a bbdd Remote/ 18/8/2024 - 06:58:40
info: Servidor activo en puerto 8080 PID 12012 enlazada a bbdd Remote/ 18/8/2024 - 07:09:24
info: Servidor activo en puerto 8080 PID 20088 enlazada a bbdd Remote/ 18/8/2024 - 07:16:05
info: Servidor activo en puerto 8080 PID 536 enlazada a bbdd Remote/ 19/8/2024 - 09:19:06
info: Servidor activo en puerto 8080 PID 19280 enlazada a bbdd Remote/ 19/8/2024 - 09:28:37
info: Servidor activo en puerto 8080 PID 9916 enlazada a bbdd Remote/ 19/8/2024 - 09:30:55
info: Servidor activo en puerto 8080 PID 7040 enlazada a bbdd Remote/ 19/8/2024 - 09:32:45
info: Servidor activo en puerto 8080 PID 1548 enlazada a bbdd Remote/ 19/8/2024 - 09:33:14
info: Servidor activo en puerto 8080 PID 3544 enlazada a bbdd Remote/ 19/8/2024 - 09:34:32
info: Servidor activo en puerto 8080 PID 18020 enlazada a bbdd Remote/ 19/8/2024 - 09:42:37
info: Servidor activo en puerto 8080 PID 14264 enlazada a bbdd Remote/ 19/8/2024 - 09:49:13
info: Servidor activo en puerto 8080 PID 8552 enlazada a bbdd Remote/ 19/8/2024 - 09:51:21
info: Servidor activo en puerto 8080 PID 8676 enlazada a bbdd Remote/ 19/8/2024 - 09:52:43
info: Servidor activo en puerto 8080 PID 14196 enlazada a bbdd Remote/ 19/8/2024 - 11:23:13
info: Servidor activo en puerto 8080 PID 13740 enlazada a bbdd Remote/ 19/8/2024 - 11:36:27
info: Servidor activo en puerto 8080 PID 11776 enlazada a bbdd Remote/ 19/8/2024 - 11:44:07
info: Servidor activo en puerto 8080 PID 2436 enlazada a bbdd Remote/ 19/8/2024 - 11:47:55
info: Servidor activo en puerto 8080 PID 18748 enlazada a bbdd Remote/ 19/8/2024 - 11:48:50
info: Servidor activo en puerto 8080 PID 1264 enlazada a bbdd Remote/ 19/8/2024 - 11:49:08
info: Servidor activo en puerto 8080 PID 3844 enlazada a bbdd Remote/ 19/8/2024 - 11:49:25
info: Servidor activo en puerto 8080 PID 19376 enlazada a bbdd Remote/ 19/8/2024 - 11:49:55
info: Servidor activo en puerto 8080 PID 2144 enlazada a bbdd Remote/ 19/8/2024 - 11:54:24
info: Servidor activo en puerto 8080 PID 15392 enlazada a bbdd Remote/ 19/8/2024 - 07:30:56
info: Servidor activo en puerto 8080 PID 18984 enlazada a bbdd Remote/ 19/8/2024 - 07:51:25
info: Servidor activo en puerto 8080 PID 20260 enlazada a bbdd Remote/ 19/8/2024 - 07:51:41
info: Servidor activo en puerto 8080 PID 4668 enlazada a bbdd Remote/ 19/8/2024 - 07:53:45
info: Servidor activo en puerto 8080 PID 19764 enlazada a bbdd Remote/ 19/8/2024 - 08:29:29
info: Servidor activo en puerto 8080 PID 1860 enlazada a bbdd Remote/ 19/8/2024 - 08:44:17
info: Servidor activo en puerto 8080 PID 19712 enlazada a bbdd Remote/ 19/8/2024 - 08:47:40
info: Servidor activo en puerto 8080 PID 7924 enlazada a bbdd Remote/ 19/8/2024 - 08:48:55
info: Servidor activo en puerto 8080 PID 20884 enlazada a bbdd Remote/ 19/8/2024 - 08:50:14
info: Servidor activo en puerto 8080 PID 3536 enlazada a bbdd Remote/ 19/8/2024 - 08:50:19
info: Servidor activo en puerto 8080 PID 5156 enlazada a bbdd Remote/ 19/8/2024 - 08:54:56
info: Servidor activo en puerto 8080 PID 2424 enlazada a bbdd Remote/ 19/8/2024 - 08:56:17
info: Servidor activo en puerto 8080 PID 16092 enlazada a bbdd Remote/ 19/8/2024 - 08:58:25
info: Servidor activo en puerto 8080 PID 8240 enlazada a bbdd Remote/ 19/8/2024 - 08:59:53
info: Servidor activo en puerto 8080 PID 7336 enlazada a bbdd Remote/ 19/8/2024 - 09:10:33
info: Servidor activo en puerto 8080 PID 17632 enlazada a bbdd Remote/ 20/8/2024 - 06:42:09
info: Servidor activo en puerto 8080 PID 12940 enlazada a bbdd Remote/ 21/8/2024 - 01:29:23
info: Servidor activo en puerto 8080 PID 18740 enlazada a bbdd Remote/ 21/8/2024 - 01:44:10
info: Servidor activo en puerto 8080 PID 19360 enlazada a bbdd Remote/ 21/8/2024 - 02:22:51
info: Servidor activo en puerto 8080 PID 3012 enlazada a bbdd Remote/ 21/8/2024 - 02:49:29
info: Servidor activo en puerto 8080 PID 15124 enlazada a bbdd Remote/ 21/8/2024 - 03:03:09
info: Servidor activo en puerto 8080 PID 11204 enlazada a bbdd Remote/ 21/8/2024 - 03:06:08
info: Servidor activo en puerto 8080 PID 2108 enlazada a bbdd Remote/ 21/8/2024 - 03:11:53
info: Servidor activo en puerto 8080 PID 13652 enlazada a bbdd Remote/ 21/8/2024 - 03:25:22
info: Servidor activo en puerto 8080 PID 6124 enlazada a bbdd Remote/ 21/8/2024 - 03:25:59
info: Servidor activo en puerto 8080 PID 13180 enlazada a bbdd Remote/ 21/8/2024 - 03:29:43
info: Servidor activo en puerto 8080 PID 12964 enlazada a bbdd Remote/ 21/8/2024 - 04:20:28
info: Servidor activo en puerto 8080 PID 18580 enlazada a bbdd Remote/ 21/8/2024 - 04:22:23
info: Servidor activo en puerto 8080 PID 9040 enlazada a bbdd Remote/ 21/8/2024 - 04:27:40
info: Servidor activo en puerto 8080 PID 11732 enlazada a bbdd Remote/ 21/8/2024 - 04:28:52
info: Servidor activo en puerto 8080 PID 14020 enlazada a bbdd Remote/ 21/8/2024 - 04:33:07
info: Servidor activo en puerto 8080 PID 5052 enlazada a bbdd Remote/ 21/8/2024 - 04:34:14
info: Servidor activo en puerto 8080 PID 4696 enlazada a bbdd Remote/ 21/8/2024 - 04:37:10
info: Servidor activo en puerto 8080 PID 6656 enlazada a bbdd Remote/ 21/8/2024 - 04:37:51
info: Servidor activo en puerto 8080 PID 3972 enlazada a bbdd Remote/ 21/8/2024 - 04:38:38
info: Servidor activo en puerto 8080 PID 19556 enlazada a bbdd Remote/ 21/8/2024 - 04:39:11
info: Servidor activo en puerto 8080 PID 8832 enlazada a bbdd Remote/ 21/8/2024 - 04:42:11
info: Servidor activo en puerto 8080 PID 13164 enlazada a bbdd Remote/ 21/8/2024 - 04:51:10
info: Servidor activo en puerto 8080 PID 13504 enlazada a bbdd Remote/ 21/8/2024 - 04:51:35
info: Servidor activo en puerto 8080 PID 14912 enlazada a bbdd Remote/ 21/8/2024 - 04:52:22
info: Servidor activo en puerto 8080 PID 10588 enlazada a bbdd Remote/ 21/8/2024 - 05:08:03
info: Servidor activo en puerto 8080 PID 13180 enlazada a bbdd Remote/ 21/8/2024 - 05:10:07
info: Servidor activo en puerto 8080 PID 2188 enlazada a bbdd Remote/ 21/8/2024 - 05:11:35
info: Servidor activo en puerto 8080 PID 3248 enlazada a bbdd Remote/ 21/8/2024 - 05:12:07
info: Servidor activo en puerto 8080 PID 19348 enlazada a bbdd Remote/ 22/8/2024 - 06:57:47
info: Servidor activo en puerto 8080 PID 23440 enlazada a bbdd Remote/ 22/8/2024 - 07:21:47
info: Servidor activo en puerto 8080 PID 13616 enlazada a bbdd Remote/ 22/8/2024 - 07:25:38
info: Servidor activo en puerto 8080 PID 16212 enlazada a bbdd Remote/ 22/8/2024 - 07:25:51
info: Servidor activo en puerto 8080 PID 15044 enlazada a bbdd Remote/ 22/8/2024 - 07:26:30
info: Servidor activo en puerto 8080 PID 9828 enlazada a bbdd Remote/ 22/8/2024 - 08:05:58
info: Servidor activo en puerto 8080 PID 11352 enlazada a bbdd Remote/ 22/8/2024 - 08:08:56
info: Servidor activo en puerto 8080 PID 15744 enlazada a bbdd Remote/ 22/8/2024 - 08:13:15
info: Servidor activo en puerto 8080 PID 8552 enlazada a bbdd Remote/ 22/8/2024 - 08:29:11
info: Servidor activo en puerto 8080 PID 7936 enlazada a bbdd Remote/ 22/8/2024 - 08:34:40
info: Servidor activo en puerto 8080 PID 17328 enlazada a bbdd Remote/ 22/8/2024 - 08:55:42
info: Servidor activo en puerto 8080 PID 2244 enlazada a bbdd Remote/ 22/8/2024 - 08:57:48
info: Servidor activo en puerto 8080 PID 15724 enlazada a bbdd Remote/ 22/8/2024 - 09:39:39
info: Servidor activo en puerto 8080 PID 18208 enlazada a bbdd Remote/ 22/8/2024 - 09:41:37
info: Servidor activo en puerto 8080 PID 10140 enlazada a bbdd Remote/ 23/8/2024 - 11:37:28
info: Servidor activo en puerto 8080 PID 17716 enlazada a bbdd Remote/ 23/8/2024 - 03:24:29
info: Servidor activo en puerto 8080 PID 9028 enlazada a bbdd Remote/ 24/8/2024 - 01:27:47
info: Servidor activo en puerto 8080 PID 6300 enlazada a bbdd Remote/ 24/8/2024 - 01:30:42
info: Servidor activo en puerto 8080 PID 228 enlazada a bbdd Remote/ 24/8/2024 - 01:31:47
info: Servidor activo en puerto 8080 PID 5464 enlazada a bbdd Remote/ 24/8/2024 - 01:34:48
info: Servidor activo en puerto 8080 PID 5012 enlazada a bbdd Remote/ 24/8/2024 - 01:37:27
info: Servidor activo en puerto 8080 PID 14220 enlazada a bbdd Remote/ 24/8/2024 - 01:38:07
info: Servidor activo en puerto 8080 PID 3804 enlazada a bbdd Remote/ 24/8/2024 - 01:40:40
info: Servidor activo en puerto 8080 PID 14368 enlazada a bbdd Remote/ 24/8/2024 - 01:41:41
info: Servidor activo en puerto 8080 PID 4792 enlazada a bbdd Remote/ 24/8/2024 - 01:44:02
info: Servidor activo en puerto 8080 PID 7032 enlazada a bbdd Remote/ 24/8/2024 - 01:45:23
info: Servidor activo en puerto 8080 PID 7436 enlazada a bbdd Remote/ 24/8/2024 - 01:47:00
info: Servidor activo en puerto 8080 PID 2724 enlazada a bbdd Remote/ 24/8/2024 - 01:47:30
info: Servidor activo en puerto 8080 PID 17480 enlazada a bbdd Remote/ 24/8/2024 - 01:48:16
info: Servidor activo en puerto 8080 PID 8708 enlazada a bbdd Remote/ 24/8/2024 - 01:49:04
info: Servidor activo en puerto 8080 PID 13928 enlazada a bbdd Remote/ 24/8/2024 - 01:50:28
info: Servidor activo en puerto 8080 PID 5768 enlazada a bbdd Remote/ 24/8/2024 - 01:54:44
info: Servidor activo en puerto 8080 PID 17672 enlazada a bbdd Remote/ 24/8/2024 - 01:56:06
info: Servidor activo en puerto 8080 PID 15444 enlazada a bbdd Remote/ 24/8/2024 - 01:57:27
info: Servidor activo en puerto 8080 PID 13076 enlazada a bbdd Remote/ 24/8/2024 - 02:07:08
info: Servidor activo en puerto 8080 PID 3200 enlazada a bbdd Remote/ 24/8/2024 - 02:07:44
info: Servidor activo en puerto 8080 PID 10212 enlazada a bbdd Remote/ 24/8/2024 - 02:08:18
info: Servidor activo en puerto 8080 PID 15868 enlazada a bbdd Remote/ 24/8/2024 - 02:08:43
info: Servidor activo en puerto 8080 PID 14588 enlazada a bbdd Remote/ 24/8/2024 - 02:31:05
info: Servidor activo en puerto 8080 PID 14028 enlazada a bbdd Remote/ 24/8/2024 - 02:31:49
info: Servidor activo en puerto 8080 PID 6740 enlazada a bbdd Remote/ 24/8/2024 - 04:45:10
info: Servidor activo en puerto 8080 PID 11420 enlazada a bbdd Remote/ 24/8/2024 - 04:47:24
info: Servidor activo en puerto 8080 PID 7580 enlazada a bbdd Remote/ 24/8/2024 - 04:48:05
info: Servidor activo en puerto 8080 PID 3812 enlazada a bbdd Remote/ 24/8/2024 - 04:48:26
info: Servidor activo en puerto 8080 PID 2508 enlazada a bbdd Remote/ 24/8/2024 - 04:48:48
info: Servidor activo en puerto 8080 PID 6028 enlazada a bbdd Remote/ 24/8/2024 - 04:49:23
info: Servidor activo en puerto 8080 PID 11904 enlazada a bbdd Remote/ 24/8/2024 - 04:49:58
info: Servidor activo en puerto 8080 PID 812 enlazada a bbdd Remote/ 24/8/2024 - 04:53:42
info: Servidor activo en puerto 8080 PID 10348 enlazada a bbdd Remote/ 24/8/2024 - 04:54:44
info: Servidor activo en puerto 8080 PID 17724 enlazada a bbdd Remote/ 24/8/2024 - 04:55:28
info: Servidor activo en puerto 8080 PID 8456 enlazada a bbdd Remote/ 24/8/2024 - 04:56:18
info: Servidor activo en puerto 8080 PID 13660 enlazada a bbdd Remote/ 26/8/2024 - 08:48:08
info: Servidor activo en puerto 8080 PID 18752 enlazada a bbdd Remote/ 26/8/2024 - 08:48:53
info: Servidor activo en puerto 8080 PID 11804 enlazada a bbdd Remote/ 26/8/2024 - 08:48:55
info: Servidor activo en puerto 8080 PID 8484 enlazada a bbdd Remote/ 26/8/2024 - 08:49:33
info: Servidor activo en puerto 8080 PID 12780 enlazada a bbdd Remote/ 26/8/2024 - 08:49:35
info: Servidor activo en puerto 8080 PID 3964 enlazada a bbdd Remote/ 26/8/2024 - 08:50:07
info: Servidor activo en puerto 8080 PID 876 enlazada a bbdd Remote/ 26/8/2024 - 08:50:08
info: Servidor activo en puerto 8080 PID 7552 enlazada a bbdd Remote/ 26/8/2024 - 08:50:42
info: Servidor activo en puerto 8080 PID 18376 enlazada a bbdd Remote/ 26/8/2024 - 08:51:52
info: Servidor activo en puerto 8080 PID 13556 enlazada a bbdd Remote/ 26/8/2024 - 08:51:53
info: Servidor activo en puerto 8080 PID 3080 enlazada a bbdd Remote/ 26/8/2024 - 08:52:25
info: Servidor activo en puerto 8080 PID 9572 enlazada a bbdd Remote/ 26/8/2024 - 08:52:28
info: Servidor activo en puerto 8080 PID 20036 enlazada a bbdd Remote/ 26/8/2024 - 08:52:30
info: Servidor activo en puerto 8080 PID 20196 enlazada a bbdd Remote/ 26/8/2024 - 08:53:27
info: Servidor activo en puerto 8080 PID 3080 enlazada a bbdd Remote/ 26/8/2024 - 08:53:28
info: Servidor activo en puerto 8080 PID 17476 enlazada a bbdd Remote/ 26/8/2024 - 08:54:15
info: Servidor activo en puerto 8080 PID 15860 enlazada a bbdd Remote/ 26/8/2024 - 08:54:16
info: Servidor activo en puerto 8080 PID 9744 enlazada a bbdd Remote/ 26/8/2024 - 08:55:33
info: Servidor activo en puerto 8080 PID 8352 enlazada a bbdd Remote/ 26/8/2024 - 08:56:19
info: Servidor activo en puerto 8080 PID 18700 enlazada a bbdd Remote/ 26/8/2024 - 08:56:21
info: Servidor activo en puerto 8080 PID 14940 enlazada a bbdd Remote/ 26/8/2024 - 08:57:42
info: Servidor activo en puerto 8080 PID 19064 enlazada a bbdd Remote/ 26/8/2024 - 08:58:09
info: Servidor activo en puerto 8080 PID 2336 enlazada a bbdd Remote/ 26/8/2024 - 08:58:11
info: Servidor activo en puerto 8080 PID 3748 enlazada a bbdd Remote/ 26/8/2024 - 08:59:06
info: Servidor activo en puerto 8080 PID 14012 enlazada a bbdd Remote/ 26/8/2024 - 08:59:34
info: Servidor activo en puerto 8080 PID 14556 enlazada a bbdd Remote/ 26/8/2024 - 08:59:43
info: Servidor activo en puerto 8080 PID 7808 enlazada a bbdd Remote/ 26/8/2024 - 08:59:45
info: Servidor activo en puerto 8080 PID 19036 enlazada a bbdd Remote/ 26/8/2024 - 09:00:14
info: Servidor activo en puerto 8080 PID 7920 enlazada a bbdd Remote/ 26/8/2024 - 09:03:57
info: Servidor activo en puerto 8080 PID 18128 enlazada a bbdd Remote/ 26/8/2024 - 09:03:59
info: Servidor activo en puerto 8080 PID 14704 enlazada a bbdd Remote/ 26/8/2024 - 09:05:07
info: Servidor activo en puerto 8080 PID 16304 enlazada a bbdd Remote/ 26/8/2024 - 09:05:08
info: Servidor activo en puerto 8080 PID 9528 enlazada a bbdd Remote/ 26/8/2024 - 09:05:52
info: Servidor activo en puerto 8080 PID 15716 enlazada a bbdd Remote/ 26/8/2024 - 09:06:39
info: Servidor activo en puerto 8080 PID 19900 enlazada a bbdd Remote/ 26/8/2024 - 09:07:14
info: Servidor activo en puerto 8080 PID 7920 enlazada a bbdd Remote/ 26/8/2024 - 09:07:45
info: Servidor activo en puerto 8080 PID 10704 enlazada a bbdd Remote/ 26/8/2024 - 09:07:47
info: Servidor activo en puerto 8080 PID 14852 enlazada a bbdd Remote/ 26/8/2024 - 09:40:29
info: Servidor activo en puerto 8080 PID 2060 enlazada a bbdd Remote/ 26/8/2024 - 09:40:31
info: Servidor activo en puerto 8080 PID 20324 enlazada a bbdd Remote/ 26/8/2024 - 09:42:13
info: Servidor activo en puerto 8080 PID 2372 enlazada a bbdd Remote/ 26/8/2024 - 09:42:14
info: Servidor activo en puerto 8080 PID 13428 enlazada a bbdd Remote/ 26/8/2024 - 10:15:29
info: Servidor activo en puerto 8080 PID 3544 enlazada a bbdd Remote/ 26/8/2024 - 10:19:05
info: Servidor activo en puerto 8080 PID 5228 enlazada a bbdd Remote/ 26/8/2024 - 10:20:30
info: Servidor activo en puerto 8080 PID 10192 enlazada a bbdd Remote/ 26/8/2024 - 10:20:32
info: Servidor activo en puerto 8080 PID 2788 enlazada a bbdd Remote/ 26/8/2024 - 10:27:13
info: Servidor activo en puerto 8080 PID 7888 enlazada a bbdd Remote/ 26/8/2024 - 10:27:54
info: Servidor activo en puerto 8080 PID 10720 enlazada a bbdd Remote/ 26/8/2024 - 10:31:26
info: Servidor activo en puerto 8080 PID 16368 enlazada a bbdd Remote/ 26/8/2024 - 10:31:27
info: Servidor activo en puerto 8080 PID 12608 enlazada a bbdd Remote/ 26/8/2024 - 10:31:35
info: Servidor activo en puerto 8080 PID 20144 enlazada a bbdd Remote/ 26/8/2024 - 10:31:37
info: Servidor activo en puerto 8080 PID 13896 enlazada a bbdd Remote/ 26/8/2024 - 10:31:41
info: Servidor activo en puerto 8080 PID 20316 enlazada a bbdd Remote/ 26/8/2024 - 10:47:17
info: Servidor activo en puerto 8080 PID 11592 enlazada a bbdd Remote/ 26/8/2024 - 10:47:53
info: Servidor activo en puerto 8080 PID 12040 enlazada a bbdd Remote/ 26/8/2024 - 10:47:54
info: Servidor activo en puerto 8080 PID 19900 enlazada a bbdd Remote/ 26/8/2024 - 10:50:20
info: Servidor activo en puerto 8080 PID 10768 enlazada a bbdd Remote/ 26/8/2024 - 10:54:19
info: Servidor activo en puerto 8080 PID 18100 enlazada a bbdd Remote/ 26/8/2024 - 10:54:21
info: Servidor activo en puerto 8080 PID 13232 enlazada a bbdd Remote/ 26/8/2024 - 10:58:42
info: Servidor activo en puerto 8080 PID 15108 enlazada a bbdd Remote/ 26/8/2024 - 10:58:44
info: Servidor activo en puerto 8080 PID 19772 enlazada a bbdd Remote/ 26/8/2024 - 11:03:20
info: Servidor activo en puerto 8080 PID 3612 enlazada a bbdd Remote/ 26/8/2024 - 11:03:21
info: Servidor activo en puerto 8080 PID 3804 enlazada a bbdd Remote/ 26/8/2024 - 11:05:40
info: Servidor activo en puerto 8080 PID 1524 enlazada a bbdd Remote/ 26/8/2024 - 11:05:57
info: Servidor activo en puerto 8080 PID 9820 enlazada a bbdd Remote/ 26/8/2024 - 11:05:58
info: Servidor activo en puerto 8080 PID 15400 enlazada a bbdd Remote/ 26/8/2024 - 11:07:50
info: Servidor activo en puerto 8080 PID 11568 enlazada a bbdd Remote/ 26/8/2024 - 11:07:52
info: Servidor activo en puerto 8080 PID 14760 enlazada a bbdd Remote/ 26/8/2024 - 11:12:32
info: Servidor activo en puerto 8080 PID 18652 enlazada a bbdd Remote/ 26/8/2024 - 11:12:33
info: Servidor activo en puerto 8080 PID 11672 enlazada a bbdd Remote/ 26/8/2024 - 11:13:58
info: Servidor activo en puerto 8080 PID 2536 enlazada a bbdd Remote/ 26/8/2024 - 11:15:04
info: Servidor activo en puerto 8080 PID 15100 enlazada a bbdd Remote/ 26/8/2024 - 11:18:41
info: Servidor activo en puerto 8080 PID 19196 enlazada a bbdd Remote/ 26/8/2024 - 11:20:17
info: Servidor activo en puerto 8080 PID 8460 enlazada a bbdd Remote/ 26/8/2024 - 11:57:38
info: Servidor activo en puerto 8080 PID 7408 enlazada a bbdd Remote/ 26/8/2024 - 11:57:40
info: Servidor activo en puerto 8080 PID 16368 enlazada a bbdd Remote/ 26/8/2024 - 11:59:21
info: Servidor activo en puerto 8080 PID 13624 enlazada a bbdd Remote/ 26/8/2024 - 12:00:29
info: Servidor activo en puerto 8080 PID 6656 enlazada a bbdd Remote/ 26/8/2024 - 12:00:31
info: Servidor activo en puerto 8080 PID 19432 enlazada a bbdd Remote/ 26/8/2024 - 12:10:15
info: Servidor activo en puerto 8080 PID 13848 enlazada a bbdd Remote/ 26/8/2024 - 12:11:01
info: Servidor activo en puerto 8080 PID 2272 enlazada a bbdd Remote/ 26/8/2024 - 12:11:02
info: Servidor activo en puerto 8080 PID 9776 enlazada a bbdd Remote/ 26/8/2024 - 12:12:27
info: Servidor activo en puerto 8080 PID 13080 enlazada a bbdd Remote/ 26/8/2024 - 12:14:11
info: Servidor activo en puerto 8080 PID 16988 enlazada a bbdd Remote/ 26/8/2024 - 12:18:37
info: Servidor activo en puerto 8080 PID 14724 enlazada a bbdd Remote/ 26/8/2024 - 12:19:23
info: Servidor activo en puerto 8080 PID 16420 enlazada a bbdd Remote/ 26/8/2024 - 12:20:16
info: Servidor activo en puerto 8080 PID 5808 enlazada a bbdd Remote/ 26/8/2024 - 12:21:07
info: Servidor activo en puerto 8080 PID 8328 enlazada a bbdd Remote/ 26/8/2024 - 12:21:49
info: Servidor activo en puerto 8080 PID 11960 enlazada a bbdd Remote/ 26/8/2024 - 12:22:10
info: Servidor activo en puerto 8080 PID 11856 enlazada a bbdd Remote/ 26/8/2024 - 12:37:41
info: Servidor activo en puerto 8080 PID 18804 enlazada a bbdd Remote/ 26/8/2024 - 12:47:37
info: Servidor activo en puerto 8080 PID 20056 enlazada a bbdd Remote/ 26/8/2024 - 12:48:47
info: Servidor activo en puerto 8080 PID 14800 enlazada a bbdd Remote/ 26/8/2024 - 12:50:12
http: POST in /api/auth - at 26/8/2024 - 12:50:40 user id: 6696bf6661c0f8ef4fb3c0c4 login
info: Servidor activo en puerto 8080 PID 18044 enlazada a bbdd Remote/ 26/8/2024 - 12:52:47
http: POST in /api/auth - at 26/8/2024 - 12:52:52 user id: 6696bf6661c0f8ef4fb3c0c4 login
info: Servidor activo en puerto 8080 PID 17772 enlazada a bbdd Remote/ 26/8/2024 - 12:53:14
http: POST in /api/auth - at 26/8/2024 - 12:53:23 user id: 6696bf6661c0f8ef4fb3c0c4 login
info: Servidor activo en puerto 8080 PID 9592 enlazada a bbdd Remote/ 26/8/2024 - 12:53:41
http: POST in /api/auth - at 26/8/2024 - 12:53:48 user id: 6696bf6661c0f8ef4fb3c0c4 login
info: Servidor activo en puerto 8080 PID 20380 enlazada a bbdd Remote/ 26/8/2024 - 12:54:33
info: Servidor activo en puerto 8080 PID 14176 enlazada a bbdd Remote/ 26/8/2024 - 12:57:48
info: Servidor activo en puerto 8080 PID 1844 enlazada a bbdd Remote/ 26/8/2024 - 12:57:49
info: Servidor activo en puerto 8080 PID 10916 enlazada a bbdd Remote/ 26/8/2024 - 01:00:51
info: Servidor activo en puerto 8080 PID 16752 enlazada a bbdd Remote/ 26/8/2024 - 01:00:52
info: Servidor activo en puerto 8080 PID 19964 enlazada a bbdd Remote/ 26/8/2024 - 01:31:01
info: Servidor activo en puerto 8080 PID 1200 enlazada a bbdd Remote/ 26/8/2024 - 01:31:49
info: Servidor activo en puerto 8080 PID 16068 enlazada a bbdd Remote/ 26/8/2024 - 01:31:50
info: Servidor activo en puerto 8080 PID 18376 enlazada a bbdd Remote/ 26/8/2024 - 01:32:14
info: Servidor activo en puerto 8080 PID 8344 enlazada a bbdd Remote/ 26/8/2024 - 01:32:15
info: Servidor activo en puerto 8080 PID 9792 enlazada a bbdd Remote/ 26/8/2024 - 01:34:33
info: Servidor activo en puerto 8080 PID 8576 enlazada a bbdd Remote/ 26/8/2024 - 01:34:35
info: Servidor activo en puerto 8080 PID 11856 enlazada a bbdd Remote/ 26/8/2024 - 03:34:09
info: Servidor activo en puerto 8080 PID 13752 enlazada a bbdd Remote/ 26/8/2024 - 03:40:20
info: Servidor activo en puerto 8080 PID 1992 enlazada a bbdd Remote/ 26/8/2024 - 03:41:17
info: Servidor activo en puerto 8080 PID 20900 enlazada a bbdd Remote/ 26/8/2024 - 03:41:18
info: Servidor activo en puerto 8080 PID 5340 enlazada a bbdd Remote/ 26/8/2024 - 03:41:46
info: Servidor activo en puerto 8080 PID 13000 enlazada a bbdd Remote/ 26/8/2024 - 03:41:47
info: Servidor activo en puerto 8080 PID 20664 enlazada a bbdd Remote/ 26/8/2024 - 03:42:00
info: Servidor activo en puerto 8080 PID 8528 enlazada a bbdd Remote/ 26/8/2024 - 03:42:01
